#-----------------------------------------------------------
# Vivado v2025.1 (64-bit)
# SW Build 6140274 on Wed May 21 22:58:25 MDT 2025
# IP Build 6138677 on Thu May 22 03:10:11 MDT 2025
# SharedData Build 6139179 on Tue May 20 17:58:58 MDT 2025
# Start of session at: Tue Dec  9 19:28:29 2025
# Process ID         : 51037
# Current directory  : /home/ugrad/yc3146/lab6/lab6.runs/impl_1
# Command line       : vivado -log design_1_wrapper.vdi -applog -product Vivado -messageDb vivado.pb -mode batch -source design_1_wrapper.tcl -notrace
# Log file           : /home/ugrad/yc3146/lab6/lab6.runs/impl_1/design_1_wrapper.vdi
# Journal file       : /home/ugrad/yc3146/lab6/lab6.runs/impl_1/vivado.jou
# Running On         : cs730-test3.bu.edu
# Platform           : unknown
# Operating System   : unknown
# Processor Detail   : Intel(R) Core(TM) i5-4590 CPU @ 3.30GHz
# CPU Frequency      : 3292.525 MHz
# CPU Physical cores : 4
# CPU Logical cores  : 4
# Host memory        : 33287 MB
# Swap memory        : 16844 MB
# Total Virtual      : 50132 MB
# Available Virtual  : 42372 MB
#-----------------------------------------------------------
source design_1_wrapper.tcl -notrace
